nohup: ignoring input
SGD | T-600-600 | cuda | {'hidden': [600, 600], 'epochs': 20, 'lr': 0.01, 'momentum': 0.9, 'batch_size': 100, 'random_labels': False, 'seed': 11, 'data_dir': 'mnist', 'out_dir': 'results'}
epoch   1 | train error 0.0341 | test error 0.0378 | 0 s
epoch   2 | train error 0.0207 | test error 0.0273 | 1 s
epoch   3 | train error 0.0182 | test error 0.0254 | 1 s
epoch   4 | train error 0.0106 | test error 0.0206 | 1 s
epoch   5 | train error 0.0094 | test error 0.0185 | 1 s
epoch   6 | train error 0.0055 | test error 0.0184 | 1 s
epoch   7 | train error 0.0060 | test error 0.0184 | 2 s
epoch   8 | train error 0.0036 | test error 0.0173 | 2 s
epoch   9 | train error 0.0029 | test error 0.0173 | 2 s
epoch  10 | train error 0.0019 | test error 0.0173 | 2 s
epoch  11 | train error 0.0007 | test error 0.0169 | 2 s
epoch  12 | train error 0.0007 | test error 0.0171 | 3 s
epoch  13 | train error 0.0004 | test error 0.0151 | 3 s
epoch  14 | train error 0.0001 | test error 0.0163 | 3 s
epoch  15 | train error 0.0001 | test error 0.0153 | 3 s
epoch  16 | train error 0.0000 | test error 0.0155 | 3 s
epoch  17 | train error 0.0000 | test error 0.0155 | 4 s
epoch  18 | train error 0.0000 | test error 0.0147 | 4 s
epoch  19 | train error 0.0000 | test error 0.0149 | 4 s
epoch  20 | train error 0.0000 | test error 0.0151 | 4 s
SGD train error 0.0000 | test error 0.0151 | 832201 parameters
PAC-Bayes | T-600-600 | cuda | {'sgd': 'results/sgd_T-600-600.pt', 'iters1': 150000, 'lr1': 0.001, 'iters2': 50000, 'lr2': 0.0001, 'batch_size': 100, 's_init': 'paper', 's_scale': 1.0, 'rho_lambda_init': -3.0, 'no_lambda_constraint': False, 'rms_alpha': 0.9, 'rms_eps': 1e-08, 'log_every': 550, 'checkpoint_every': 10000, 'seed': 11, 'data_dir': 'mnist', 'out_dir': 'results'}
iter      0 | lr 1e-03 | surrogate 41.5583 | KL 3816828.7 | lambda 2.494e-03 | j 369.1 | sqrt(BRE/2) 5.8906 | objective 47.4489 | 0 s
iter    550 | lr 1e-03 | surrogate 2.5119 | KL 737990.9 | lambda 7.516e-03 | j 258.8 | sqrt(BRE/2) 2.5902 | objective 5.1022 | 1 s
iter   1100 | lr 1e-03 | surrogate 2.6350 | KL 154861.2 | lambda 2.198e-02 | j 151.5 | sqrt(BRE/2) 1.1866 | objective 3.8216 | 3 s
iter   1650 | lr 1e-03 | surrogate 1.5447 | KL 119208.9 | lambda 2.982e-02 | j 121.0 | sqrt(BRE/2) 1.0411 | objective 2.5859 | 4 s
iter   2200 | lr 1e-03 | surrogate 1.3475 | KL 101581.9 | lambda 3.006e-02 | j 120.2 | sqrt(BRE/2) 0.9611 | objective 2.3086 | 5 s
iter   2750 | lr 1e-03 | surrogate 1.1002 | KL 86219.8 | lambda 3.022e-02 | j 119.7 | sqrt(BRE/2) 0.8855 | objective 1.9857 | 7 s
iter   3300 | lr 1e-03 | surrogate 0.5026 | KL 72640.5 | lambda 3.042e-02 | j 119.0 | sqrt(BRE/2) 0.8128 | objective 1.3154 | 8 s
iter   3850 | lr 1e-03 | surrogate 0.5644 | KL 61395.6 | lambda 3.074e-02 | j 118.0 | sqrt(BRE/2) 0.7472 | objective 1.3116 | 9 s
iter   4400 | lr 1e-03 | surrogate 0.2342 | KL 52500.7 | lambda 3.115e-02 | j 116.6 | sqrt(BRE/2) 0.6910 | objective 0.9252 | 10 s
iter   4950 | lr 1e-03 | surrogate 0.6613 | KL 45252.7 | lambda 3.157e-02 | j 115.3 | sqrt(BRE/2) 0.6416 | objective 1.3029 | 12 s
iter   5500 | lr 1e-03 | surrogate 0.5003 | KL 39157.6 | lambda 3.191e-02 | j 114.2 | sqrt(BRE/2) 0.5968 | objective 1.0971 | 13 s
iter   6050 | lr 1e-03 | surrogate 0.3664 | KL 35061.7 | lambda 3.222e-02 | j 113.3 | sqrt(BRE/2) 0.5648 | objective 0.9312 | 14 s
iter   6600 | lr 1e-03 | surrogate 0.7778 | KL 31220.1 | lambda 3.250e-02 | j 112.4 | sqrt(BRE/2) 0.5330 | objective 1.3107 | 15 s
iter   7150 | lr 1e-03 | surrogate 0.2777 | KL 28246.8 | lambda 3.278e-02 | j 111.5 | sqrt(BRE/2) 0.5070 | objective 0.7846 | 16 s
iter   7700 | lr 1e-03 | surrogate 0.1634 | KL 25774.9 | lambda 3.306e-02 | j 110.7 | sqrt(BRE/2) 0.4843 | objective 0.6477 | 18 s
iter   8250 | lr 1e-03 | surrogate 0.4285 | KL 23610.3 | lambda 3.333e-02 | j 109.9 | sqrt(BRE/2) 0.4635 | objective 0.8920 | 19 s
iter   8800 | lr 1e-03 | surrogate 0.3358 | KL 21931.6 | lambda 3.359e-02 | j 109.1 | sqrt(BRE/2) 0.4468 | objective 0.7825 | 20 s
iter   9350 | lr 1e-03 | surrogate 0.2042 | KL 20490.6 | lambda 3.387e-02 | j 108.3 | sqrt(BRE/2) 0.4319 | objective 0.6360 | 22 s
iter   9900 | lr 1e-03 | surrogate 0.2050 | KL 19206.2 | lambda 3.414e-02 | j 107.5 | sqrt(BRE/2) 0.4181 | objective 0.6231 | 23 s
iter  10450 | lr 1e-03 | surrogate 0.1113 | KL 18150.2 | lambda 3.442e-02 | j 106.7 | sqrt(BRE/2) 0.4065 | objective 0.5178 | 24 s
iter  11000 | lr 1e-03 | surrogate 0.1211 | KL 17370.5 | lambda 3.471e-02 | j 105.8 | sqrt(BRE/2) 0.3977 | objective 0.5187 | 25 s
iter  11550 | lr 1e-03 | surrogate 0.3344 | KL 16661.3 | lambda 3.499e-02 | j 105.0 | sqrt(BRE/2) 0.3895 | objective 0.7238 | 26 s
iter  12100 | lr 1e-03 | surrogate 0.4394 | KL 15972.4 | lambda 3.528e-02 | j 104.2 | sqrt(BRE/2) 0.3814 | objective 0.8207 | 27 s
iter  12650 | lr 1e-03 | surrogate 0.1847 | KL 15398.6 | lambda 3.555e-02 | j 103.4 | sqrt(BRE/2) 0.3744 | objective 0.5591 | 28 s
iter  13200 | lr 1e-03 | surrogate 0.0758 | KL 14961.8 | lambda 3.584e-02 | j 102.6 | sqrt(BRE/2) 0.3691 | objective 0.4449 | 29 s
iter  13750 | lr 1e-03 | surrogate 0.1828 | KL 14613.6 | lambda 3.612e-02 | j 101.8 | sqrt(BRE/2) 0.3648 | objective 0.5475 | 30 s
iter  14300 | lr 1e-03 | surrogate 0.1854 | KL 14284.5 | lambda 3.641e-02 | j 101.0 | sqrt(BRE/2) 0.3607 | objective 0.5461 | 31 s
iter  14850 | lr 1e-03 | surrogate 0.2414 | KL 13887.2 | lambda 3.669e-02 | j 100.3 | sqrt(BRE/2) 0.3556 | objective 0.5970 | 32 s
iter  15400 | lr 1e-03 | surrogate 0.0973 | KL 13597.5 | lambda 3.696e-02 | j 99.5 | sqrt(BRE/2) 0.3519 | objective 0.4492 | 33 s
iter  15950 | lr 1e-03 | surrogate 0.0871 | KL 13227.8 | lambda 3.723e-02 | j 98.8 | sqrt(BRE/2) 0.3471 | objective 0.4342 | 34 s
iter  16500 | lr 1e-03 | surrogate 0.1428 | KL 13074.2 | lambda 3.751e-02 | j 98.1 | sqrt(BRE/2) 0.3451 | objective 0.4879 | 35 s
iter  17050 | lr 1e-03 | surrogate 0.2172 | KL 12838.3 | lambda 3.778e-02 | j 97.3 | sqrt(BRE/2) 0.3420 | objective 0.5592 | 36 s
iter  17600 | lr 1e-03 | surrogate 0.4117 | KL 12727.0 | lambda 3.805e-02 | j 96.6 | sqrt(BRE/2) 0.3405 | objective 0.7521 | 37 s
iter  18150 | lr 1e-03 | surrogate 0.0850 | KL 12546.9 | lambda 3.833e-02 | j 95.9 | sqrt(BRE/2) 0.3381 | objective 0.4231 | 38 s
iter  18700 | lr 1e-03 | surrogate 0.1523 | KL 12439.9 | lambda 3.862e-02 | j 95.1 | sqrt(BRE/2) 0.3366 | objective 0.4889 | 39 s
iter  19250 | lr 1e-03 | surrogate 0.1091 | KL 12132.1 | lambda 3.890e-02 | j 94.4 | sqrt(BRE/2) 0.3324 | objective 0.4415 | 40 s
iter  19800 | lr 1e-03 | surrogate 0.2803 | KL 12080.7 | lambda 3.917e-02 | j 93.7 | sqrt(BRE/2) 0.3317 | objective 0.6120 | 41 s
iter  20350 | lr 1e-03 | surrogate 0.2082 | KL 11891.9 | lambda 3.945e-02 | j 93.0 | sqrt(BRE/2) 0.3291 | objective 0.5374 | 42 s
iter  20900 | lr 1e-03 | surrogate 0.6458 | KL 11714.7 | lambda 3.972e-02 | j 92.3 | sqrt(BRE/2) 0.3267 | objective 0.9725 | 43 s
iter  21450 | lr 1e-03 | surrogate 0.0906 | KL 11480.1 | lambda 3.999e-02 | j 91.6 | sqrt(BRE/2) 0.3234 | objective 0.4140 | 44 s
iter  22000 | lr 1e-03 | surrogate 0.2385 | KL 11435.8 | lambda 4.027e-02 | j 90.9 | sqrt(BRE/2) 0.3228 | objective 0.5613 | 45 s
iter  22550 | lr 1e-03 | surrogate 0.0665 | KL 11303.9 | lambda 4.056e-02 | j 90.2 | sqrt(BRE/2) 0.3209 | objective 0.3874 | 46 s
iter  23100 | lr 1e-03 | surrogate 0.1575 | KL 11308.9 | lambda 4.085e-02 | j 89.5 | sqrt(BRE/2) 0.3210 | objective 0.4785 | 47 s
iter  23650 | lr 1e-03 | surrogate 0.1352 | KL 11188.1 | lambda 4.113e-02 | j 88.8 | sqrt(BRE/2) 0.3193 | objective 0.4544 | 48 s
iter  24200 | lr 1e-03 | surrogate 0.0271 | KL 11065.3 | lambda 4.141e-02 | j 88.2 | sqrt(BRE/2) 0.3175 | objective 0.3446 | 49 s
iter  24750 | lr 1e-03 | surrogate 0.1076 | KL 11018.0 | lambda 4.170e-02 | j 87.5 | sqrt(BRE/2) 0.3168 | objective 0.4244 | 50 s
iter  25300 | lr 1e-03 | surrogate 0.1615 | KL 10907.6 | lambda 4.198e-02 | j 86.8 | sqrt(BRE/2) 0.3152 | objective 0.4767 | 51 s
iter  25850 | lr 1e-03 | surrogate 0.0954 | KL 10811.8 | lambda 4.226e-02 | j 86.1 | sqrt(BRE/2) 0.3139 | objective 0.4093 | 52 s
iter  26400 | lr 1e-03 | surrogate 0.7413 | KL 10763.9 | lambda 4.254e-02 | j 85.5 | sqrt(BRE/2) 0.3132 | objective 1.0545 | 54 s
iter  26950 | lr 1e-03 | surrogate 0.0928 | KL 10767.7 | lambda 4.282e-02 | j 84.8 | sqrt(BRE/2) 0.3132 | objective 0.4060 | 55 s
iter  27500 | lr 1e-03 | surrogate 0.2859 | KL 10701.2 | lambda 4.311e-02 | j 84.1 | sqrt(BRE/2) 0.3123 | objective 0.5982 | 56 s
iter  28050 | lr 1e-03 | surrogate 0.3565 | KL 10634.3 | lambda 4.340e-02 | j 83.5 | sqrt(BRE/2) 0.3113 | objective 0.6677 | 57 s
iter  28600 | lr 1e-03 | surrogate 0.2619 | KL 10553.1 | lambda 4.368e-02 | j 82.8 | sqrt(BRE/2) 0.3101 | objective 0.5720 | 58 s
iter  29150 | lr 1e-03 | surrogate 0.1114 | KL 10530.4 | lambda 4.397e-02 | j 82.2 | sqrt(BRE/2) 0.3098 | objective 0.4212 | 59 s
iter  29700 | lr 1e-03 | surrogate 0.2275 | KL 10510.1 | lambda 4.427e-02 | j 81.5 | sqrt(BRE/2) 0.3095 | objective 0.5370 | 60 s
iter  30250 | lr 1e-03 | surrogate 0.1167 | KL 10564.2 | lambda 4.458e-02 | j 80.8 | sqrt(BRE/2) 0.3103 | objective 0.4270 | 61 s
iter  30800 | lr 1e-03 | surrogate 0.3015 | KL 10412.6 | lambda 4.486e-02 | j 80.2 | sqrt(BRE/2) 0.3080 | objective 0.6096 | 62 s
iter  31350 | lr 1e-03 | surrogate 0.1299 | KL 10318.4 | lambda 4.515e-02 | j 79.5 | sqrt(BRE/2) 0.3066 | objective 0.4366 | 63 s
iter  31900 | lr 1e-03 | surrogate 0.0828 | KL 10299.8 | lambda 4.544e-02 | j 78.9 | sqrt(BRE/2) 0.3064 | objective 0.3892 | 64 s
iter  32450 | lr 1e-03 | surrogate 0.0620 | KL 10313.0 | lambda 4.573e-02 | j 78.2 | sqrt(BRE/2) 0.3065 | objective 0.3686 | 65 s
iter  33000 | lr 1e-03 | surrogate 0.1197 | KL 10263.0 | lambda 4.602e-02 | j 77.6 | sqrt(BRE/2) 0.3058 | objective 0.4255 | 66 s
iter  33550 | lr 1e-03 | surrogate 0.2035 | KL 10221.8 | lambda 4.631e-02 | j 77.0 | sqrt(BRE/2) 0.3052 | objective 0.5087 | 67 s
iter  34100 | lr 1e-03 | surrogate 0.1590 | KL 10178.9 | lambda 4.661e-02 | j 76.3 | sqrt(BRE/2) 0.3046 | objective 0.4635 | 68 s
iter  34650 | lr 1e-03 | surrogate 0.7522 | KL 10159.5 | lambda 4.691e-02 | j 75.7 | sqrt(BRE/2) 0.3043 | objective 1.0565 | 69 s
iter  35200 | lr 1e-03 | surrogate 0.1800 | KL 10108.8 | lambda 4.720e-02 | j 75.1 | sqrt(BRE/2) 0.3035 | objective 0.4835 | 70 s
iter  35750 | lr 1e-03 | surrogate 0.0875 | KL 10078.8 | lambda 4.749e-02 | j 74.5 | sqrt(BRE/2) 0.3031 | objective 0.3906 | 71 s
iter  36300 | lr 1e-03 | surrogate 0.1494 | KL 10136.1 | lambda 4.780e-02 | j 73.8 | sqrt(BRE/2) 0.3039 | objective 0.4533 | 72 s
iter  36850 | lr 1e-03 | surrogate 0.0556 | KL 10133.6 | lambda 4.811e-02 | j 73.2 | sqrt(BRE/2) 0.3039 | objective 0.3594 | 73 s
iter  37400 | lr 1e-03 | surrogate 0.0969 | KL 10053.2 | lambda 4.841e-02 | j 72.5 | sqrt(BRE/2) 0.3027 | objective 0.3996 | 74 s
iter  37950 | lr 1e-03 | surrogate 0.2065 | KL 10005.0 | lambda 4.873e-02 | j 71.9 | sqrt(BRE/2) 0.3019 | objective 0.5084 | 75 s
iter  38500 | lr 1e-03 | surrogate 0.1525 | KL 9926.1 | lambda 4.904e-02 | j 71.2 | sqrt(BRE/2) 0.3008 | objective 0.4533 | 76 s
iter  39050 | lr 1e-03 | surrogate 0.3776 | KL 9872.2 | lambda 4.935e-02 | j 70.6 | sqrt(BRE/2) 0.2999 | objective 0.6776 | 77 s
iter  39600 | lr 1e-03 | surrogate 0.0760 | KL 9889.9 | lambda 4.965e-02 | j 70.0 | sqrt(BRE/2) 0.3002 | objective 0.3762 | 78 s
iter  40150 | lr 1e-03 | surrogate 0.1846 | KL 9894.6 | lambda 4.995e-02 | j 69.4 | sqrt(BRE/2) 0.3003 | objective 0.4849 | 79 s
iter  40700 | lr 1e-03 | surrogate 0.1918 | KL 9940.9 | lambda 5.027e-02 | j 68.8 | sqrt(BRE/2) 0.3010 | objective 0.4928 | 80 s
iter  41250 | lr 1e-03 | surrogate 0.1779 | KL 9870.2 | lambda 5.059e-02 | j 68.2 | sqrt(BRE/2) 0.2999 | objective 0.4778 | 81 s
iter  41800 | lr 1e-03 | surrogate 0.1353 | KL 9872.0 | lambda 5.090e-02 | j 67.5 | sqrt(BRE/2) 0.2999 | objective 0.4352 | 82 s
iter  42350 | lr 1e-03 | surrogate 0.1386 | KL 9840.8 | lambda 5.123e-02 | j 66.9 | sqrt(BRE/2) 0.2995 | objective 0.4381 | 83 s
iter  42900 | lr 1e-03 | surrogate 0.1445 | KL 9779.5 | lambda 5.153e-02 | j 66.3 | sqrt(BRE/2) 0.2985 | objective 0.4430 | 84 s
iter  43450 | lr 1e-03 | surrogate 0.0600 | KL 9804.2 | lambda 5.186e-02 | j 65.7 | sqrt(BRE/2) 0.2989 | objective 0.3589 | 85 s
iter  44000 | lr 1e-03 | surrogate 0.2346 | KL 9735.8 | lambda 5.217e-02 | j 65.1 | sqrt(BRE/2) 0.2979 | objective 0.5324 | 86 s
iter  44550 | lr 1e-03 | surrogate 0.0871 | KL 9787.8 | lambda 5.251e-02 | j 64.4 | sqrt(BRE/2) 0.2987 | objective 0.3857 | 87 s
iter  45100 | lr 1e-03 | surrogate 0.1694 | KL 9788.3 | lambda 5.285e-02 | j 63.8 | sqrt(BRE/2) 0.2987 | objective 0.4680 | 88 s
iter  45650 | lr 1e-03 | surrogate 0.0397 | KL 9718.4 | lambda 5.316e-02 | j 63.2 | sqrt(BRE/2) 0.2976 | objective 0.3373 | 89 s
iter  46200 | lr 1e-03 | surrogate 0.0663 | KL 9734.4 | lambda 5.350e-02 | j 62.5 | sqrt(BRE/2) 0.2978 | objective 0.3641 | 90 s
iter  46750 | lr 1e-03 | surrogate 0.0691 | KL 9711.3 | lambda 5.381e-02 | j 62.0 | sqrt(BRE/2) 0.2975 | objective 0.3666 | 91 s
iter  47300 | lr 1e-03 | surrogate 0.0828 | KL 9642.2 | lambda 5.411e-02 | j 61.4 | sqrt(BRE/2) 0.2964 | objective 0.3792 | 92 s
iter  47850 | lr 1e-03 | surrogate 0.1338 | KL 9664.3 | lambda 5.446e-02 | j 60.8 | sqrt(BRE/2) 0.2968 | objective 0.4306 | 93 s
iter  48400 | lr 1e-03 | surrogate 0.0907 | KL 9597.5 | lambda 5.479e-02 | j 60.2 | sqrt(BRE/2) 0.2957 | objective 0.3864 | 94 s
iter  48950 | lr 1e-03 | surrogate 0.1636 | KL 9621.1 | lambda 5.513e-02 | j 59.5 | sqrt(BRE/2) 0.2961 | objective 0.4597 | 95 s
iter  49500 | lr 1e-03 | surrogate 0.1582 | KL 9566.7 | lambda 5.547e-02 | j 58.9 | sqrt(BRE/2) 0.2953 | objective 0.4534 | 96 s
iter  50050 | lr 1e-03 | surrogate 0.0587 | KL 9554.2 | lambda 5.580e-02 | j 58.3 | sqrt(BRE/2) 0.2951 | objective 0.3537 | 97 s
iter  50600 | lr 1e-03 | surrogate 0.0575 | KL 9526.4 | lambda 5.614e-02 | j 57.7 | sqrt(BRE/2) 0.2946 | objective 0.3522 | 98 s
iter  51150 | lr 1e-03 | surrogate 0.0775 | KL 9646.2 | lambda 5.648e-02 | j 57.1 | sqrt(BRE/2) 0.2965 | objective 0.3740 | 99 s
iter  51700 | lr 1e-03 | surrogate 0.2920 | KL 9602.3 | lambda 5.682e-02 | j 56.5 | sqrt(BRE/2) 0.2958 | objective 0.5878 | 100 s
iter  52250 | lr 1e-03 | surrogate 0.1560 | KL 9573.7 | lambda 5.717e-02 | j 55.9 | sqrt(BRE/2) 0.2954 | objective 0.4514 | 101 s
iter  52800 | lr 1e-03 | surrogate 0.4030 | KL 9544.0 | lambda 5.752e-02 | j 55.3 | sqrt(BRE/2) 0.2949 | objective 0.6979 | 102 s
iter  53350 | lr 1e-03 | surrogate 0.0462 | KL 9551.4 | lambda 5.788e-02 | j 54.7 | sqrt(BRE/2) 0.2950 | objective 0.3413 | 103 s
iter  53900 | lr 1e-03 | surrogate 0.0376 | KL 9588.8 | lambda 5.825e-02 | j 54.0 | sqrt(BRE/2) 0.2956 | objective 0.3332 | 104 s
iter  54450 | lr 1e-03 | surrogate 0.0934 | KL 9481.1 | lambda 5.858e-02 | j 53.5 | sqrt(BRE/2) 0.2939 | objective 0.3874 | 105 s
iter  55000 | lr 1e-03 | surrogate 0.2311 | KL 9468.6 | lambda 5.892e-02 | j 52.9 | sqrt(BRE/2) 0.2938 | objective 0.5248 | 106 s
iter  55550 | lr 1e-03 | surrogate 0.2010 | KL 9478.5 | lambda 5.927e-02 | j 52.3 | sqrt(BRE/2) 0.2939 | objective 0.4949 | 107 s
iter  56100 | lr 1e-03 | surrogate 0.1862 | KL 9497.5 | lambda 5.963e-02 | j 51.7 | sqrt(BRE/2) 0.2942 | objective 0.4804 | 108 s
iter  56650 | lr 1e-03 | surrogate 0.1077 | KL 9443.8 | lambda 6.002e-02 | j 51.1 | sqrt(BRE/2) 0.2934 | objective 0.4011 | 109 s
iter  57200 | lr 1e-03 | surrogate 0.0517 | KL 9483.4 | lambda 6.039e-02 | j 50.4 | sqrt(BRE/2) 0.2940 | objective 0.3457 | 110 s
iter  57750 | lr 1e-03 | surrogate 0.4219 | KL 9482.8 | lambda 6.075e-02 | j 49.8 | sqrt(BRE/2) 0.2940 | objective 0.7159 | 111 s
iter  58300 | lr 1e-03 | surrogate 0.3269 | KL 9499.5 | lambda 6.113e-02 | j 49.2 | sqrt(BRE/2) 0.2942 | objective 0.6211 | 112 s
iter  58850 | lr 1e-03 | surrogate 0.1069 | KL 9433.8 | lambda 6.150e-02 | j 48.6 | sqrt(BRE/2) 0.2932 | objective 0.4001 | 113 s
iter  59400 | lr 1e-03 | surrogate 0.0446 | KL 9450.9 | lambda 6.188e-02 | j 48.0 | sqrt(BRE/2) 0.2935 | objective 0.3380 | 114 s
iter  59950 | lr 1e-03 | surrogate 0.0637 | KL 9385.9 | lambda 6.222e-02 | j 47.4 | sqrt(BRE/2) 0.2925 | objective 0.3562 | 115 s
iter  60500 | lr 1e-03 | surrogate 0.2591 | KL 9426.0 | lambda 6.259e-02 | j 46.9 | sqrt(BRE/2) 0.2931 | objective 0.5522 | 116 s
iter  61050 | lr 1e-03 | surrogate 0.0904 | KL 9412.9 | lambda 6.296e-02 | j 46.3 | sqrt(BRE/2) 0.2929 | objective 0.3833 | 116 s
iter  61600 | lr 1e-03 | surrogate 0.1084 | KL 9410.2 | lambda 6.334e-02 | j 45.7 | sqrt(BRE/2) 0.2928 | objective 0.4012 | 118 s
iter  62150 | lr 1e-03 | surrogate 0.1923 | KL 9366.2 | lambda 6.371e-02 | j 45.1 | sqrt(BRE/2) 0.2922 | objective 0.4844 | 119 s
iter  62700 | lr 1e-03 | surrogate 0.0827 | KL 9413.7 | lambda 6.409e-02 | j 44.5 | sqrt(BRE/2) 0.2929 | objective 0.3756 | 120 s
iter  63250 | lr 1e-03 | surrogate 0.2896 | KL 9368.4 | lambda 6.445e-02 | j 43.9 | sqrt(BRE/2) 0.2922 | objective 0.5818 | 121 s
iter  63800 | lr 1e-03 | surrogate 0.1358 | KL 9380.5 | lambda 6.483e-02 | j 43.3 | sqrt(BRE/2) 0.2924 | objective 0.4282 | 122 s
iter  64350 | lr 1e-03 | surrogate 0.1067 | KL 9464.1 | lambda 6.521e-02 | j 42.8 | sqrt(BRE/2) 0.2937 | objective 0.4004 | 123 s
iter  64900 | lr 1e-03 | surrogate 0.1374 | KL 9441.4 | lambda 6.558e-02 | j 42.2 | sqrt(BRE/2) 0.2933 | objective 0.4307 | 124 s
iter  65450 | lr 1e-03 | surrogate 0.0618 | KL 9400.3 | lambda 6.597e-02 | j 41.6 | sqrt(BRE/2) 0.2927 | objective 0.3545 | 125 s
iter  66000 | lr 1e-03 | surrogate 0.0879 | KL 9418.2 | lambda 6.635e-02 | j 41.0 | sqrt(BRE/2) 0.2930 | objective 0.3808 | 126 s
iter  66550 | lr 1e-03 | surrogate 0.0585 | KL 9411.4 | lambda 6.671e-02 | j 40.5 | sqrt(BRE/2) 0.2929 | objective 0.3513 | 127 s
iter  67100 | lr 1e-03 | surrogate 0.0445 | KL 9385.2 | lambda 6.708e-02 | j 39.9 | sqrt(BRE/2) 0.2924 | objective 0.3369 | 128 s
iter  67650 | lr 1e-03 | surrogate 0.0648 | KL 9334.8 | lambda 6.746e-02 | j 39.4 | sqrt(BRE/2) 0.2917 | objective 0.3564 | 129 s
iter  68200 | lr 1e-03 | surrogate 0.3361 | KL 9372.0 | lambda 6.782e-02 | j 38.8 | sqrt(BRE/2) 0.2922 | objective 0.6284 | 130 s
iter  68750 | lr 1e-03 | surrogate 0.0275 | KL 9394.7 | lambda 6.823e-02 | j 38.2 | sqrt(BRE/2) 0.2926 | objective 0.3201 | 131 s
iter  69300 | lr 1e-03 | surrogate 0.1654 | KL 9309.5 | lambda 6.860e-02 | j 37.7 | sqrt(BRE/2) 0.2913 | objective 0.4567 | 132 s
iter  69850 | lr 1e-03 | surrogate 0.1362 | KL 9367.9 | lambda 6.897e-02 | j 37.2 | sqrt(BRE/2) 0.2922 | objective 0.4284 | 133 s
iter  70400 | lr 1e-03 | surrogate 0.6514 | KL 9382.9 | lambda 6.935e-02 | j 36.6 | sqrt(BRE/2) 0.2924 | objective 0.9438 | 134 s
iter  70950 | lr 1e-03 | surrogate 0.1409 | KL 9351.7 | lambda 6.975e-02 | j 36.0 | sqrt(BRE/2) 0.2919 | objective 0.4329 | 135 s
iter  71500 | lr 1e-03 | surrogate 0.0591 | KL 9360.8 | lambda 7.014e-02 | j 35.5 | sqrt(BRE/2) 0.2921 | objective 0.3512 | 136 s
iter  72050 | lr 1e-03 | surrogate 0.1595 | KL 9443.8 | lambda 7.054e-02 | j 34.9 | sqrt(BRE/2) 0.2934 | objective 0.4529 | 137 s
iter  72600 | lr 1e-03 | surrogate 0.1537 | KL 9410.4 | lambda 7.094e-02 | j 34.3 | sqrt(BRE/2) 0.2928 | objective 0.4465 | 138 s
iter  73150 | lr 1e-03 | surrogate 0.3390 | KL 9421.7 | lambda 7.134e-02 | j 33.8 | sqrt(BRE/2) 0.2930 | objective 0.6320 | 139 s
iter  73700 | lr 1e-03 | surrogate 0.1389 | KL 9353.7 | lambda 7.173e-02 | j 33.2 | sqrt(BRE/2) 0.2920 | objective 0.4309 | 140 s
iter  74250 | lr 1e-03 | surrogate 0.1343 | KL 9380.5 | lambda 7.213e-02 | j 32.7 | sqrt(BRE/2) 0.2924 | objective 0.4266 | 141 s
iter  74800 | lr 1e-03 | surrogate 0.2032 | KL 9409.3 | lambda 7.255e-02 | j 32.1 | sqrt(BRE/2) 0.2928 | objective 0.4961 | 142 s
iter  75350 | lr 1e-03 | surrogate 0.1532 | KL 9405.2 | lambda 7.295e-02 | j 31.5 | sqrt(BRE/2) 0.2928 | objective 0.4459 | 143 s
iter  75900 | lr 1e-03 | surrogate 0.2405 | KL 9416.0 | lambda 7.336e-02 | j 31.0 | sqrt(BRE/2) 0.2929 | objective 0.5335 | 144 s
iter  76450 | lr 1e-03 | surrogate 0.1882 | KL 9411.0 | lambda 7.378e-02 | j 30.4 | sqrt(BRE/2) 0.2928 | objective 0.4810 | 145 s
iter  77000 | lr 1e-03 | surrogate 0.4739 | KL 9315.7 | lambda 7.416e-02 | j 29.9 | sqrt(BRE/2) 0.2914 | objective 0.7652 | 147 s
iter  77550 | lr 1e-03 | surrogate 0.3031 | KL 9392.7 | lambda 7.456e-02 | j 29.4 | sqrt(BRE/2) 0.2926 | objective 0.5957 | 148 s
iter  78100 | lr 1e-03 | surrogate 0.1400 | KL 9373.1 | lambda 7.498e-02 | j 28.8 | sqrt(BRE/2) 0.2922 | objective 0.4323 | 149 s
iter  78650 | lr 1e-03 | surrogate 0.1994 | KL 9428.6 | lambda 7.541e-02 | j 28.2 | sqrt(BRE/2) 0.2931 | objective 0.4925 | 150 s
iter  79200 | lr 1e-03 | surrogate 0.0861 | KL 9397.2 | lambda 7.582e-02 | j 27.7 | sqrt(BRE/2) 0.2926 | objective 0.3787 | 151 s
iter  79750 | lr 1e-03 | surrogate 0.2049 | KL 9371.3 | lambda 7.626e-02 | j 27.1 | sqrt(BRE/2) 0.2922 | objective 0.4971 | 152 s
iter  80300 | lr 1e-03 | surrogate 0.2344 | KL 9380.0 | lambda 7.669e-02 | j 26.5 | sqrt(BRE/2) 0.2924 | objective 0.5267 | 153 s
iter  80850 | lr 1e-03 | surrogate 0.0729 | KL 9357.4 | lambda 7.712e-02 | j 26.0 | sqrt(BRE/2) 0.2920 | objective 0.3650 | 154 s
iter  81400 | lr 1e-03 | surrogate 0.1168 | KL 9355.0 | lambda 7.755e-02 | j 25.4 | sqrt(BRE/2) 0.2920 | objective 0.4087 | 155 s
iter  81950 | lr 1e-03 | surrogate 0.5261 | KL 9355.4 | lambda 7.798e-02 | j 24.9 | sqrt(BRE/2) 0.2920 | objective 0.8181 | 156 s
iter  82500 | lr 1e-03 | surrogate 0.2616 | KL 9423.5 | lambda 7.842e-02 | j 24.3 | sqrt(BRE/2) 0.2930 | objective 0.5546 | 157 s
iter  83050 | lr 1e-03 | surrogate 0.2214 | KL 9397.7 | lambda 7.885e-02 | j 23.8 | sqrt(BRE/2) 0.2926 | objective 0.5140 | 158 s
iter  83600 | lr 1e-03 | surrogate 0.3289 | KL 9403.1 | lambda 7.927e-02 | j 23.2 | sqrt(BRE/2) 0.2927 | objective 0.6216 | 159 s
iter  84150 | lr 1e-03 | surrogate 0.1079 | KL 9450.0 | lambda 7.976e-02 | j 22.6 | sqrt(BRE/2) 0.2934 | objective 0.4014 | 160 s
iter  84700 | lr 1e-03 | surrogate 0.1068 | KL 9425.8 | lambda 8.020e-02 | j 22.1 | sqrt(BRE/2) 0.2931 | objective 0.3998 | 161 s
iter  85250 | lr 1e-03 | surrogate 0.1800 | KL 9383.6 | lambda 8.062e-02 | j 21.5 | sqrt(BRE/2) 0.2924 | objective 0.4724 | 162 s
iter  85800 | lr 1e-03 | surrogate 0.0543 | KL 9444.0 | lambda 8.109e-02 | j 21.0 | sqrt(BRE/2) 0.2933 | objective 0.3476 | 163 s
iter  86350 | lr 1e-03 | surrogate 0.2278 | KL 9442.6 | lambda 8.152e-02 | j 20.4 | sqrt(BRE/2) 0.2933 | objective 0.5211 | 164 s
iter  86900 | lr 1e-03 | surrogate 0.2041 | KL 9415.8 | lambda 8.198e-02 | j 19.9 | sqrt(BRE/2) 0.2929 | objective 0.4970 | 166 s
iter  87450 | lr 1e-03 | surrogate 0.0883 | KL 9423.4 | lambda 8.245e-02 | j 19.3 | sqrt(BRE/2) 0.2930 | objective 0.3813 | 167 s
iter  88000 | lr 1e-03 | surrogate 0.0828 | KL 9450.7 | lambda 8.292e-02 | j 18.7 | sqrt(BRE/2) 0.2934 | objective 0.3762 | 168 s
iter  88550 | lr 1e-03 | surrogate 0.1399 | KL 9412.1 | lambda 8.334e-02 | j 18.2 | sqrt(BRE/2) 0.2928 | objective 0.4328 | 169 s
iter  89100 | lr 1e-03 | surrogate 0.2193 | KL 9417.0 | lambda 8.380e-02 | j 17.7 | sqrt(BRE/2) 0.2929 | objective 0.5123 | 170 s
iter  89650 | lr 1e-03 | surrogate 0.0753 | KL 9410.4 | lambda 8.426e-02 | j 17.1 | sqrt(BRE/2) 0.2928 | objective 0.3681 | 171 s
iter  90200 | lr 1e-03 | surrogate 0.1367 | KL 9427.6 | lambda 8.473e-02 | j 16.6 | sqrt(BRE/2) 0.2931 | objective 0.4298 | 172 s
iter  90750 | lr 1e-03 | surrogate 0.0452 | KL 9480.3 | lambda 8.522e-02 | j 16.0 | sqrt(BRE/2) 0.2939 | objective 0.3391 | 173 s
iter  91300 | lr 1e-03 | surrogate 0.5488 | KL 9440.0 | lambda 8.569e-02 | j 15.4 | sqrt(BRE/2) 0.2933 | objective 0.8420 | 174 s
iter  91850 | lr 1e-03 | surrogate 0.3188 | KL 9466.8 | lambda 8.615e-02 | j 14.9 | sqrt(BRE/2) 0.2937 | objective 0.6125 | 175 s
iter  92400 | lr 1e-03 | surrogate 0.2389 | KL 9483.0 | lambda 8.663e-02 | j 14.4 | sqrt(BRE/2) 0.2939 | objective 0.5329 | 176 s
iter  92950 | lr 1e-03 | surrogate 0.0952 | KL 9362.3 | lambda 8.709e-02 | j 13.8 | sqrt(BRE/2) 0.2921 | objective 0.3873 | 177 s
iter  93500 | lr 1e-03 | surrogate 0.1228 | KL 9377.8 | lambda 8.757e-02 | j 13.3 | sqrt(BRE/2) 0.2923 | objective 0.4151 | 178 s
iter  94050 | lr 1e-03 | surrogate 0.1137 | KL 9414.3 | lambda 8.810e-02 | j 12.7 | sqrt(BRE/2) 0.2929 | objective 0.4066 | 179 s
iter  94600 | lr 1e-03 | surrogate 0.2777 | KL 9422.1 | lambda 8.861e-02 | j 12.1 | sqrt(BRE/2) 0.2930 | objective 0.5707 | 180 s
iter  95150 | lr 1e-03 | surrogate 0.2123 | KL 9447.0 | lambda 8.911e-02 | j 11.5 | sqrt(BRE/2) 0.2934 | objective 0.5057 | 181 s
iter  95700 | lr 1e-03 | surrogate 0.0241 | KL 9408.3 | lambda 8.957e-02 | j 11.0 | sqrt(BRE/2) 0.2928 | objective 0.3169 | 182 s
iter  96250 | lr 1e-03 | surrogate 0.0522 | KL 9432.8 | lambda 9.012e-02 | j 10.4 | sqrt(BRE/2) 0.2931 | objective 0.3453 | 183 s
iter  96800 | lr 1e-03 | surrogate 0.1732 | KL 9449.3 | lambda 9.062e-02 | j 9.8 | sqrt(BRE/2) 0.2934 | objective 0.4666 | 184 s
iter  97350 | lr 1e-03 | surrogate 0.0635 | KL 9471.2 | lambda 9.116e-02 | j 9.3 | sqrt(BRE/2) 0.2937 | objective 0.3572 | 185 s
iter  97900 | lr 1e-03 | surrogate 0.0165 | KL 9450.8 | lambda 9.170e-02 | j 8.7 | sqrt(BRE/2) 0.2934 | objective 0.3099 | 186 s
iter  98450 | lr 1e-03 | surrogate 0.1762 | KL 9430.6 | lambda 9.221e-02 | j 8.1 | sqrt(BRE/2) 0.2931 | objective 0.4693 | 187 s
iter  99000 | lr 1e-03 | surrogate 0.1342 | KL 9475.0 | lambda 9.274e-02 | j 7.5 | sqrt(BRE/2) 0.2938 | objective 0.4280 | 189 s
iter  99550 | lr 1e-03 | surrogate 0.2398 | KL 9450.2 | lambda 9.328e-02 | j 7.0 | sqrt(BRE/2) 0.2934 | objective 0.5332 | 190 s
iter 100100 | lr 1e-03 | surrogate 0.0854 | KL 9435.8 | lambda 9.382e-02 | j 6.4 | sqrt(BRE/2) 0.2932 | objective 0.3786 | 191 s
iter 100650 | lr 1e-03 | surrogate 0.0665 | KL 9470.4 | lambda 9.439e-02 | j 5.8 | sqrt(BRE/2) 0.2937 | objective 0.3602 | 192 s
iter 101200 | lr 1e-03 | surrogate 0.0893 | KL 9462.3 | lambda 9.494e-02 | j 5.2 | sqrt(BRE/2) 0.2936 | objective 0.3829 | 193 s
iter 101750 | lr 1e-03 | surrogate 0.7538 | KL 9454.6 | lambda 9.549e-02 | j 4.6 | sqrt(BRE/2) 0.2935 | objective 1.0473 | 195 s
iter 102300 | lr 1e-03 | surrogate 0.2897 | KL 9482.4 | lambda 9.608e-02 | j 4.0 | sqrt(BRE/2) 0.2939 | objective 0.5835 | 196 s
iter 102850 | lr 1e-03 | surrogate 0.0809 | KL 9503.2 | lambda 9.666e-02 | j 3.4 | sqrt(BRE/2) 0.2942 | objective 0.3751 | 196 s
iter 103400 | lr 1e-03 | surrogate 0.1233 | KL 9513.1 | lambda 9.725e-02 | j 2.8 | sqrt(BRE/2) 0.2943 | objective 0.4176 | 197 s
iter 103950 | lr 1e-03 | surrogate 0.1271 | KL 9482.8 | lambda 9.787e-02 | j 2.2 | sqrt(BRE/2) 0.2939 | objective 0.4209 | 198 s
iter 104500 | lr 1e-03 | surrogate 0.2092 | KL 9505.5 | lambda 9.853e-02 | j 1.5 | sqrt(BRE/2) 0.2942 | objective 0.5034 | 199 s
iter 105050 | lr 1e-03 | surrogate 0.1476 | KL 9504.9 | lambda 9.900e-02 | j 1.0 | sqrt(BRE/2) 0.2942 | objective 0.4418 | 200 s
iter 105600 | lr 1e-03 | surrogate 0.1120 | KL 9561.0 | lambda 9.900e-02 | j 1.0 | sqrt(BRE/2) 0.2951 | objective 0.4071 | 201 s
iter 106150 | lr 1e-03 | surrogate 0.2123 | KL 9533.4 | lambda 9.900e-02 | j 1.0 | sqrt(BRE/2) 0.2946 | objective 0.5069 | 202 s
iter 106700 | lr 1e-03 | surrogate 0.0566 | KL 9536.3 | lambda 9.900e-02 | j 1.0 | sqrt(BRE/2) 0.2947 | objective 0.3513 | 203 s
iter 107250 | lr 1e-03 | surrogate 0.0408 | KL 9592.1 | lambda 9.900e-02 | j 1.0 | sqrt(BRE/2) 0.2955 | objective 0.3364 | 204 s
iter 107800 | lr 1e-03 | surrogate 0.0947 | KL 9564.5 | lambda 9.900e-02 | j 1.0 | sqrt(BRE/2) 0.2951 | objective 0.3898 | 205 s
iter 108350 | lr 1e-03 | surrogate 0.1073 | KL 9594.6 | lambda 9.900e-02 | j 1.0 | sqrt(BRE/2) 0.2956 | objective 0.4029 | 206 s
iter 108900 | lr 1e-03 | surrogate 0.0101 | KL 9634.3 | lambda 9.900e-02 | j 1.0 | sqrt(BRE/2) 0.2962 | objective 0.3063 | 207 s
iter 109450 | lr 1e-03 | surrogate 0.1005 | KL 9537.9 | lambda 9.900e-02 | j 1.0 | sqrt(BRE/2) 0.2947 | objective 0.3952 | 208 s
iter 110000 | lr 1e-03 | surrogate 0.1152 | KL 9572.9 | lambda 9.900e-02 | j 1.0 | sqrt(BRE/2) 0.2952 | objective 0.4104 | 209 s
iter 110550 | lr 1e-03 | surrogate 0.0834 | KL 9597.1 | lambda 9.900e-02 | j 1.0 | sqrt(BRE/2) 0.2956 | objective 0.3790 | 210 s
iter 111100 | lr 1e-03 | surrogate 0.1618 | KL 9612.4 | lambda 9.900e-02 | j 1.0 | sqrt(BRE/2) 0.2958 | objective 0.4576 | 211 s
iter 111650 | lr 1e-03 | surrogate 0.0462 | KL 9589.0 | lambda 9.900e-02 | j 1.0 | sqrt(BRE/2) 0.2955 | objective 0.3417 | 213 s
iter 112200 | lr 1e-03 | surrogate 0.2839 | KL 9643.7 | lambda 9.900e-02 | j 1.0 | sqrt(BRE/2) 0.2963 | objective 0.5802 | 214 s
iter 112750 | lr 1e-03 | surrogate 0.0524 | KL 9707.3 | lambda 9.900e-02 | j 1.0 | sqrt(BRE/2) 0.2973 | objective 0.3497 | 215 s
iter 113300 | lr 1e-03 | surrogate 0.1516 | KL 9699.3 | lambda 9.900e-02 | j 1.0 | sqrt(BRE/2) 0.2972 | objective 0.4488 | 216 s
iter 113850 | lr 1e-03 | surrogate 0.3106 | KL 9647.6 | lambda 9.900e-02 | j 1.0 | sqrt(BRE/2) 0.2964 | objective 0.6070 | 217 s
iter 114400 | lr 1e-03 | surrogate 0.1825 | KL 9665.2 | lambda 9.900e-02 | j 1.0 | sqrt(BRE/2) 0.2967 | objective 0.4791 | 218 s
iter 114950 | lr 1e-03 | surrogate 0.0621 | KL 9654.6 | lambda 9.900e-02 | j 1.0 | sqrt(BRE/2) 0.2965 | objective 0.3586 | 219 s
iter 115500 | lr 1e-03 | surrogate 0.1039 | KL 9688.1 | lambda 9.900e-02 | j 1.0 | sqrt(BRE/2) 0.2970 | objective 0.4009 | 220 s
iter 116050 | lr 1e-03 | surrogate 0.2014 | KL 9660.8 | lambda 9.900e-02 | j 1.0 | sqrt(BRE/2) 0.2966 | objective 0.4980 | 221 s
iter 116600 | lr 1e-03 | surrogate 0.0598 | KL 9732.8 | lambda 9.900e-02 | j 1.0 | sqrt(BRE/2) 0.2977 | objective 0.3575 | 222 s
iter 117150 | lr 1e-03 | surrogate 0.1768 | KL 9710.2 | lambda 9.900e-02 | j 1.0 | sqrt(BRE/2) 0.2973 | objective 0.4741 | 223 s
iter 117700 | lr 1e-03 | surrogate 0.1326 | KL 9734.0 | lambda 9.900e-02 | j 1.0 | sqrt(BRE/2) 0.2977 | objective 0.4303 | 224 s
iter 118250 | lr 1e-03 | surrogate 0.2158 | KL 9714.8 | lambda 9.900e-02 | j 1.0 | sqrt(BRE/2) 0.2974 | objective 0.5132 | 225 s
iter 118800 | lr 1e-03 | surrogate 0.1594 | KL 9770.0 | lambda 9.900e-02 | j 1.0 | sqrt(BRE/2) 0.2983 | objective 0.4577 | 226 s
iter 119350 | lr 1e-03 | surrogate 0.3553 | KL 9760.0 | lambda 9.900e-02 | j 1.0 | sqrt(BRE/2) 0.2981 | objective 0.6534 | 227 s
iter 119900 | lr 1e-03 | surrogate 0.2186 | KL 9744.1 | lambda 9.900e-02 | j 1.0 | sqrt(BRE/2) 0.2979 | objective 0.5165 | 228 s
iter 120450 | lr 1e-03 | surrogate 0.6879 | KL 9694.7 | lambda 9.900e-02 | j 1.0 | sqrt(BRE/2) 0.2971 | objective 0.9850 | 229 s
iter 121000 | lr 1e-03 | surrogate 0.4560 | KL 9762.9 | lambda 9.900e-02 | j 1.0 | sqrt(BRE/2) 0.2981 | objective 0.7542 | 230 s
iter 121550 | lr 1e-03 | surrogate 0.2879 | KL 9760.5 | lambda 9.900e-02 | j 1.0 | sqrt(BRE/2) 0.2981 | objective 0.5861 | 231 s
iter 122100 | lr 1e-03 | surrogate 0.0783 | KL 9777.6 | lambda 9.900e-02 | j 1.0 | sqrt(BRE/2) 0.2984 | objective 0.3767 | 232 s
iter 122650 | lr 1e-03 | surrogate 0.0232 | KL 9800.4 | lambda 9.900e-02 | j 1.0 | sqrt(BRE/2) 0.2987 | objective 0.3219 | 233 s
iter 123200 | lr 1e-03 | surrogate 0.1499 | KL 9755.1 | lambda 9.900e-02 | j 1.0 | sqrt(BRE/2) 0.2980 | objective 0.4479 | 234 s
iter 123750 | lr 1e-03 | surrogate 0.0272 | KL 9767.1 | lambda 9.900e-02 | j 1.0 | sqrt(BRE/2) 0.2982 | objective 0.3254 | 235 s
iter 124300 | lr 1e-03 | surrogate 0.0398 | KL 9824.9 | lambda 9.900e-02 | j 1.0 | sqrt(BRE/2) 0.2991 | objective 0.3389 | 236 s
iter 124850 | lr 1e-03 | surrogate 0.1936 | KL 9778.0 | lambda 9.900e-02 | j 1.0 | sqrt(BRE/2) 0.2984 | objective 0.4919 | 237 s
iter 125400 | lr 1e-03 | surrogate 0.2523 | KL 9748.9 | lambda 9.900e-02 | j 1.0 | sqrt(BRE/2) 0.2979 | objective 0.5502 | 238 s
iter 125950 | lr 1e-03 | surrogate 0.4659 | KL 9750.5 | lambda 9.900e-02 | j 1.0 | sqrt(BRE/2) 0.2980 | objective 0.7639 | 239 s
iter 126500 | lr 1e-03 | surrogate 0.0920 | KL 9766.1 | lambda 9.900e-02 | j 1.0 | sqrt(BRE/2) 0.2982 | objective 0.3902 | 241 s
iter 127050 | lr 1e-03 | surrogate 0.4526 | KL 9768.9 | lambda 9.900e-02 | j 1.0 | sqrt(BRE/2) 0.2982 | objective 0.7508 | 242 s
iter 127600 | lr 1e-03 | surrogate 0.2431 | KL 9867.7 | lambda 9.900e-02 | j 1.0 | sqrt(BRE/2) 0.2997 | objective 0.5428 | 243 s
iter 128150 | lr 1e-03 | surrogate 0.1116 | KL 9793.2 | lambda 9.900e-02 | j 1.0 | sqrt(BRE/2) 0.2986 | objective 0.4102 | 244 s
iter 128700 | lr 1e-03 | surrogate 0.4921 | KL 9806.6 | lambda 9.900e-02 | j 1.0 | sqrt(BRE/2) 0.2988 | objective 0.7909 | 245 s
iter 129250 | lr 1e-03 | surrogate 0.1384 | KL 9786.8 | lambda 9.900e-02 | j 1.0 | sqrt(BRE/2) 0.2985 | objective 0.4369 | 246 s
iter 129800 | lr 1e-03 | surrogate 0.1713 | KL 9831.0 | lambda 9.900e-02 | j 1.0 | sqrt(BRE/2) 0.2992 | objective 0.4704 | 248 s
iter 130350 | lr 1e-03 | surrogate 0.3952 | KL 9854.9 | lambda 9.900e-02 | j 1.0 | sqrt(BRE/2) 0.2995 | objective 0.6947 | 249 s
iter 130900 | lr 1e-03 | surrogate 0.0723 | KL 9829.6 | lambda 9.900e-02 | j 1.0 | sqrt(BRE/2) 0.2992 | objective 0.3714 | 250 s
iter 131450 | lr 1e-03 | surrogate 0.2405 | KL 9847.0 | lambda 9.900e-02 | j 1.0 | sqrt(BRE/2) 0.2994 | objective 0.5400 | 251 s
iter 132000 | lr 1e-03 | surrogate 0.0067 | KL 9811.3 | lambda 9.900e-02 | j 1.0 | sqrt(BRE/2) 0.2989 | objective 0.3055 | 252 s
iter 132550 | lr 1e-03 | surrogate 0.1004 | KL 9836.0 | lambda 9.900e-02 | j 1.0 | sqrt(BRE/2) 0.2993 | objective 0.3996 | 253 s
iter 133100 | lr 1e-03 | surrogate 0.4388 | KL 9830.3 | lambda 9.900e-02 | j 1.0 | sqrt(BRE/2) 0.2992 | objective 0.7380 | 254 s
iter 133650 | lr 1e-03 | surrogate 0.2248 | KL 9839.8 | lambda 9.900e-02 | j 1.0 | sqrt(BRE/2) 0.2993 | objective 0.5242 | 255 s
iter 134200 | lr 1e-03 | surrogate 0.3197 | KL 9869.6 | lambda 9.900e-02 | j 1.0 | sqrt(BRE/2) 0.2998 | objective 0.6195 | 256 s
iter 134750 | lr 1e-03 | surrogate 0.3956 | KL 9874.3 | lambda 9.900e-02 | j 1.0 | sqrt(BRE/2) 0.2998 | objective 0.6954 | 257 s
iter 135300 | lr 1e-03 | surrogate 0.0282 | KL 9864.0 | lambda 9.900e-02 | j 1.0 | sqrt(BRE/2) 0.2997 | objective 0.3279 | 258 s
iter 135850 | lr 1e-03 | surrogate 0.0424 | KL 9909.5 | lambda 9.900e-02 | j 1.0 | sqrt(BRE/2) 0.3004 | objective 0.3428 | 259 s
iter 136400 | lr 1e-03 | surrogate 0.1905 | KL 9887.6 | lambda 9.900e-02 | j 1.0 | sqrt(BRE/2) 0.3000 | objective 0.4906 | 260 s
iter 136950 | lr 1e-03 | surrogate 0.3286 | KL 9905.1 | lambda 9.900e-02 | j 1.0 | sqrt(BRE/2) 0.3003 | objective 0.6290 | 261 s
iter 137500 | lr 1e-03 | surrogate 0.1037 | KL 9879.9 | lambda 9.900e-02 | j 1.0 | sqrt(BRE/2) 0.2999 | objective 0.4036 | 262 s
iter 138050 | lr 1e-03 | surrogate 0.2080 | KL 9921.0 | lambda 9.900e-02 | j 1.0 | sqrt(BRE/2) 0.3005 | objective 0.5085 | 263 s
iter 138600 | lr 1e-03 | surrogate 0.0467 | KL 9887.6 | lambda 9.900e-02 | j 1.0 | sqrt(BRE/2) 0.3000 | objective 0.3467 | 264 s
iter 139150 | lr 1e-03 | surrogate 0.3176 | KL 9866.7 | lambda 9.900e-02 | j 1.0 | sqrt(BRE/2) 0.2997 | objective 0.6174 | 265 s
iter 139700 | lr 1e-03 | surrogate 0.2707 | KL 9881.7 | lambda 9.900e-02 | j 1.0 | sqrt(BRE/2) 0.3000 | objective 0.5707 | 266 s
iter 140250 | lr 1e-03 | surrogate 0.3150 | KL 9886.1 | lambda 9.900e-02 | j 1.0 | sqrt(BRE/2) 0.3000 | objective 0.6150 | 267 s
iter 140800 | lr 1e-03 | surrogate 0.0319 | KL 9882.9 | lambda 9.900e-02 | j 1.0 | sqrt(BRE/2) 0.3000 | objective 0.3319 | 268 s
iter 141350 | lr 1e-03 | surrogate 0.0493 | KL 9885.4 | lambda 9.900e-02 | j 1.0 | sqrt(BRE/2) 0.3000 | objective 0.3493 | 269 s
iter 141900 | lr 1e-03 | surrogate 0.0453 | KL 9889.1 | lambda 9.900e-02 | j 1.0 | sqrt(BRE/2) 0.3001 | objective 0.3454 | 270 s
iter 142450 | lr 1e-03 | surrogate 0.1458 | KL 9922.1 | lambda 9.900e-02 | j 1.0 | sqrt(BRE/2) 0.3006 | objective 0.4463 | 271 s
iter 143000 | lr 1e-03 | surrogate 0.2721 | KL 9978.2 | lambda 9.900e-02 | j 1.0 | sqrt(BRE/2) 0.3014 | objective 0.5735 | 272 s
iter 143550 | lr 1e-03 | surrogate 0.0341 | KL 9885.2 | lambda 9.900e-02 | j 1.0 | sqrt(BRE/2) 0.3000 | objective 0.3341 | 273 s
iter 144100 | lr 1e-03 | surrogate 0.0995 | KL 9927.1 | lambda 9.900e-02 | j 1.0 | sqrt(BRE/2) 0.3006 | objective 0.4002 | 274 s
iter 144650 | lr 1e-03 | surrogate 0.2160 | KL 9947.7 | lambda 9.900e-02 | j 1.0 | sqrt(BRE/2) 0.3010 | objective 0.5169 | 275 s
iter 145200 | lr 1e-03 | surrogate 0.1415 | KL 9907.2 | lambda 9.900e-02 | j 1.0 | sqrt(BRE/2) 0.3003 | objective 0.4418 | 276 s
iter 145750 | lr 1e-03 | surrogate 0.0784 | KL 9950.7 | lambda 9.900e-02 | j 1.0 | sqrt(BRE/2) 0.3010 | objective 0.3794 | 277 s
iter 146300 | lr 1e-03 | surrogate 0.1733 | KL 9914.7 | lambda 9.900e-02 | j 1.0 | sqrt(BRE/2) 0.3005 | objective 0.4738 | 278 s
iter 146850 | lr 1e-03 | surrogate 0.2571 | KL 9972.9 | lambda 9.900e-02 | j 1.0 | sqrt(BRE/2) 0.3013 | objective 0.5585 | 280 s
iter 147400 | lr 1e-03 | surrogate 0.0496 | KL 9925.7 | lambda 9.900e-02 | j 1.0 | sqrt(BRE/2) 0.3006 | objective 0.3502 | 281 s
iter 147950 | lr 1e-03 | surrogate 0.0332 | KL 9905.4 | lambda 9.900e-02 | j 1.0 | sqrt(BRE/2) 0.3003 | objective 0.3335 | 282 s
iter 148500 | lr 1e-03 | surrogate 0.1755 | KL 9853.8 | lambda 9.900e-02 | j 1.0 | sqrt(BRE/2) 0.2995 | objective 0.4750 | 283 s
iter 149050 | lr 1e-03 | surrogate 0.4213 | KL 9946.1 | lambda 9.900e-02 | j 1.0 | sqrt(BRE/2) 0.3009 | objective 0.7222 | 284 s
iter 149600 | lr 1e-03 | surrogate 0.1290 | KL 9960.4 | lambda 9.900e-02 | j 1.0 | sqrt(BRE/2) 0.3011 | objective 0.4302 | 285 s
iter 150150 | lr 1e-04 | surrogate 0.3614 | KL 9912.7 | lambda 9.900e-02 | j 1.0 | sqrt(BRE/2) 0.3004 | objective 0.6618 | 286 s
iter 150700 | lr 1e-04 | surrogate 0.1527 | KL 9861.2 | lambda 9.900e-02 | j 1.0 | sqrt(BRE/2) 0.2996 | objective 0.4523 | 287 s
iter 151250 | lr 1e-04 | surrogate 0.0726 | KL 9833.8 | lambda 9.900e-02 | j 1.0 | sqrt(BRE/2) 0.2992 | objective 0.3718 | 288 s
iter 151800 | lr 1e-04 | surrogate 0.1574 | KL 9806.2 | lambda 9.900e-02 | j 1.0 | sqrt(BRE/2) 0.2988 | objective 0.4562 | 289 s
iter 152350 | lr 1e-04 | surrogate 0.0671 | KL 9783.9 | lambda 9.900e-02 | j 1.0 | sqrt(BRE/2) 0.2985 | objective 0.3656 | 290 s
iter 152900 | lr 1e-04 | surrogate 0.0517 | KL 9766.5 | lambda 9.900e-02 | j 1.0 | sqrt(BRE/2) 0.2982 | objective 0.3499 | 291 s
iter 153450 | lr 1e-04 | surrogate 0.4830 | KL 9760.5 | lambda 9.900e-02 | j 1.0 | sqrt(BRE/2) 0.2981 | objective 0.7811 | 292 s
iter 154000 | lr 1e-04 | surrogate 0.4688 | KL 9742.4 | lambda 9.900e-02 | j 1.0 | sqrt(BRE/2) 0.2978 | objective 0.7666 | 293 s
iter 154550 | lr 1e-04 | surrogate 0.0616 | KL 9726.3 | lambda 9.900e-02 | j 1.0 | sqrt(BRE/2) 0.2976 | objective 0.3592 | 294 s
iter 155100 | lr 1e-04 | surrogate 0.1481 | KL 9712.5 | lambda 9.900e-02 | j 1.0 | sqrt(BRE/2) 0.2974 | objective 0.4455 | 295 s
iter 155650 | lr 1e-04 | surrogate 0.3052 | KL 9698.2 | lambda 9.900e-02 | j 1.0 | sqrt(BRE/2) 0.2972 | objective 0.6024 | 296 s
iter 156200 | lr 1e-04 | surrogate 0.0529 | KL 9677.1 | lambda 9.900e-02 | j 1.0 | sqrt(BRE/2) 0.2968 | objective 0.3498 | 297 s
iter 156750 | lr 1e-04 | surrogate 0.1378 | KL 9672.6 | lambda 9.900e-02 | j 1.0 | sqrt(BRE/2) 0.2968 | objective 0.4346 | 298 s
iter 157300 | lr 1e-04 | surrogate 0.1463 | KL 9662.5 | lambda 9.900e-02 | j 1.0 | sqrt(BRE/2) 0.2966 | objective 0.4429 | 299 s
iter 157850 | lr 1e-04 | surrogate 0.0852 | KL 9659.0 | lambda 9.900e-02 | j 1.0 | sqrt(BRE/2) 0.2966 | objective 0.3818 | 300 s
iter 158400 | lr 1e-04 | surrogate 0.0846 | KL 9661.8 | lambda 9.900e-02 | j 1.0 | sqrt(BRE/2) 0.2966 | objective 0.3812 | 301 s
iter 158950 | lr 1e-04 | surrogate 0.1174 | KL 9648.9 | lambda 9.900e-02 | j 1.0 | sqrt(BRE/2) 0.2964 | objective 0.4138 | 302 s
iter 159500 | lr 1e-04 | surrogate 0.2297 | KL 9628.5 | lambda 9.900e-02 | j 1.0 | sqrt(BRE/2) 0.2961 | objective 0.5258 | 303 s
iter 160050 | lr 1e-04 | surrogate 0.2550 | KL 9618.3 | lambda 9.900e-02 | j 1.0 | sqrt(BRE/2) 0.2959 | objective 0.5510 | 304 s
iter 160600 | lr 1e-04 | surrogate 0.5325 | KL 9607.8 | lambda 9.900e-02 | j 1.0 | sqrt(BRE/2) 0.2958 | objective 0.8282 | 305 s
iter 161150 | lr 1e-04 | surrogate 0.1628 | KL 9601.9 | lambda 9.900e-02 | j 1.0 | sqrt(BRE/2) 0.2957 | objective 0.4585 | 306 s
iter 161700 | lr 1e-04 | surrogate 0.0872 | KL 9598.7 | lambda 9.900e-02 | j 1.0 | sqrt(BRE/2) 0.2956 | objective 0.3829 | 307 s
iter 162250 | lr 1e-04 | surrogate 0.0732 | KL 9591.6 | lambda 9.900e-02 | j 1.0 | sqrt(BRE/2) 0.2955 | objective 0.3687 | 308 s
iter 162800 | lr 1e-04 | surrogate 0.0517 | KL 9579.5 | lambda 9.900e-02 | j 1.0 | sqrt(BRE/2) 0.2953 | objective 0.3470 | 309 s
iter 163350 | lr 1e-04 | surrogate 0.0963 | KL 9568.1 | lambda 9.900e-02 | j 1.0 | sqrt(BRE/2) 0.2952 | objective 0.3914 | 310 s
iter 163900 | lr 1e-04 | surrogate 0.1736 | KL 9556.8 | lambda 9.900e-02 | j 1.0 | sqrt(BRE/2) 0.2950 | objective 0.4686 | 311 s
iter 164450 | lr 1e-04 | surrogate 0.1078 | KL 9547.0 | lambda 9.900e-02 | j 1.0 | sqrt(BRE/2) 0.2948 | objective 0.4026 | 312 s
iter 165000 | lr 1e-04 | surrogate 0.0870 | KL 9536.9 | lambda 9.900e-02 | j 1.0 | sqrt(BRE/2) 0.2947 | objective 0.3817 | 313 s
iter 165550 | lr 1e-04 | surrogate 0.0134 | KL 9533.7 | lambda 9.900e-02 | j 1.0 | sqrt(BRE/2) 0.2946 | objective 0.3081 | 314 s
iter 166100 | lr 1e-04 | surrogate 0.1347 | KL 9535.0 | lambda 9.900e-02 | j 1.0 | sqrt(BRE/2) 0.2947 | objective 0.4294 | 315 s
iter 166650 | lr 1e-04 | surrogate 0.1090 | KL 9533.4 | lambda 9.900e-02 | j 1.0 | sqrt(BRE/2) 0.2946 | objective 0.4036 | 316 s
iter 167200 | lr 1e-04 | surrogate 0.2204 | KL 9528.9 | lambda 9.900e-02 | j 1.0 | sqrt(BRE/2) 0.2946 | objective 0.5149 | 317 s
iter 167750 | lr 1e-04 | surrogate 0.4338 | KL 9525.6 | lambda 9.900e-02 | j 1.0 | sqrt(BRE/2) 0.2945 | objective 0.7283 | 318 s
iter 168300 | lr 1e-04 | surrogate 0.1532 | KL 9520.4 | lambda 9.900e-02 | j 1.0 | sqrt(BRE/2) 0.2944 | objective 0.4477 | 319 s
iter 168850 | lr 1e-04 | surrogate 0.0934 | KL 9513.6 | lambda 9.900e-02 | j 1.0 | sqrt(BRE/2) 0.2943 | objective 0.3878 | 320 s
iter 169400 | lr 1e-04 | surrogate 0.1303 | KL 9521.4 | lambda 9.900e-02 | j 1.0 | sqrt(BRE/2) 0.2944 | objective 0.4247 | 321 s
iter 169950 | lr 1e-04 | surrogate 0.0145 | KL 9511.0 | lambda 9.900e-02 | j 1.0 | sqrt(BRE/2) 0.2943 | objective 0.3088 | 322 s
iter 170500 | lr 1e-04 | surrogate 0.2664 | KL 9492.5 | lambda 9.900e-02 | j 1.0 | sqrt(BRE/2) 0.2940 | objective 0.5604 | 323 s
iter 171050 | lr 1e-04 | surrogate 0.2739 | KL 9490.4 | lambda 9.900e-02 | j 1.0 | sqrt(BRE/2) 0.2940 | objective 0.5679 | 324 s
iter 171600 | lr 1e-04 | surrogate 0.1803 | KL 9483.7 | lambda 9.900e-02 | j 1.0 | sqrt(BRE/2) 0.2939 | objective 0.4742 | 325 s
iter 172150 | lr 1e-04 | surrogate 0.2262 | KL 9486.1 | lambda 9.900e-02 | j 1.0 | sqrt(BRE/2) 0.2939 | objective 0.5201 | 326 s
iter 172700 | lr 1e-04 | surrogate 0.0551 | KL 9473.5 | lambda 9.900e-02 | j 1.0 | sqrt(BRE/2) 0.2937 | objective 0.3488 | 327 s
iter 173250 | lr 1e-04 | surrogate 0.1177 | KL 9468.3 | lambda 9.900e-02 | j 1.0 | sqrt(BRE/2) 0.2936 | objective 0.4113 | 328 s
iter 173800 | lr 1e-04 | surrogate 0.1952 | KL 9463.5 | lambda 9.900e-02 | j 1.0 | sqrt(BRE/2) 0.2935 | objective 0.4888 | 329 s
iter 174350 | lr 1e-04 | surrogate 0.2557 | KL 9468.8 | lambda 9.900e-02 | j 1.0 | sqrt(BRE/2) 0.2936 | objective 0.5494 | 330 s
iter 174900 | lr 1e-04 | surrogate 0.1016 | KL 9471.4 | lambda 9.900e-02 | j 1.0 | sqrt(BRE/2) 0.2937 | objective 0.3952 | 331 s
iter 175450 | lr 1e-04 | surrogate 0.1905 | KL 9453.6 | lambda 9.900e-02 | j 1.0 | sqrt(BRE/2) 0.2934 | objective 0.4839 | 332 s
iter 176000 | lr 1e-04 | surrogate 0.1091 | KL 9446.0 | lambda 9.900e-02 | j 1.0 | sqrt(BRE/2) 0.2933 | objective 0.4024 | 333 s
iter 176550 | lr 1e-04 | surrogate 0.2765 | KL 9442.9 | lambda 9.900e-02 | j 1.0 | sqrt(BRE/2) 0.2932 | objective 0.5698 | 334 s
iter 177100 | lr 1e-04 | surrogate 0.3268 | KL 9425.6 | lambda 9.900e-02 | j 1.0 | sqrt(BRE/2) 0.2930 | objective 0.6197 | 335 s
iter 177650 | lr 1e-04 | surrogate 0.8907 | KL 9416.5 | lambda 9.900e-02 | j 1.0 | sqrt(BRE/2) 0.2928 | objective 1.1835 | 336 s
iter 178200 | lr 1e-04 | surrogate 0.1823 | KL 9410.9 | lambda 9.900e-02 | j 1.0 | sqrt(BRE/2) 0.2927 | objective 0.4751 | 337 s
iter 178750 | lr 1e-04 | surrogate 0.1434 | KL 9409.0 | lambda 9.900e-02 | j 1.0 | sqrt(BRE/2) 0.2927 | objective 0.4361 | 338 s
iter 179300 | lr 1e-04 | surrogate 0.2176 | KL 9418.1 | lambda 9.900e-02 | j 1.0 | sqrt(BRE/2) 0.2928 | objective 0.5105 | 339 s
iter 179850 | lr 1e-04 | surrogate 0.0176 | KL 9414.1 | lambda 9.900e-02 | j 1.0 | sqrt(BRE/2) 0.2928 | objective 0.3104 | 340 s
iter 180400 | lr 1e-04 | surrogate 0.0329 | KL 9412.1 | lambda 9.900e-02 | j 1.0 | sqrt(BRE/2) 0.2928 | objective 0.3256 | 341 s
iter 180950 | lr 1e-04 | surrogate 0.2864 | KL 9405.4 | lambda 9.900e-02 | j 1.0 | sqrt(BRE/2) 0.2926 | objective 0.5791 | 342 s
iter 181500 | lr 1e-04 | surrogate 0.1628 | KL 9402.3 | lambda 9.900e-02 | j 1.0 | sqrt(BRE/2) 0.2926 | objective 0.4554 | 343 s
iter 182050 | lr 1e-04 | surrogate 0.0349 | KL 9415.0 | lambda 9.900e-02 | j 1.0 | sqrt(BRE/2) 0.2928 | objective 0.3277 | 344 s
iter 182600 | lr 1e-04 | surrogate 0.3649 | KL 9405.8 | lambda 9.900e-02 | j 1.0 | sqrt(BRE/2) 0.2927 | objective 0.6576 | 345 s
iter 183150 | lr 1e-04 | surrogate 0.0691 | KL 9409.9 | lambda 9.900e-02 | j 1.0 | sqrt(BRE/2) 0.2927 | objective 0.3619 | 346 s
iter 183700 | lr 1e-04 | surrogate 0.0100 | KL 9412.2 | lambda 9.900e-02 | j 1.0 | sqrt(BRE/2) 0.2928 | objective 0.3028 | 347 s
iter 184250 | lr 1e-04 | surrogate 0.2186 | KL 9409.5 | lambda 9.900e-02 | j 1.0 | sqrt(BRE/2) 0.2927 | objective 0.5113 | 348 s
iter 184800 | lr 1e-04 | surrogate 0.1025 | KL 9407.9 | lambda 9.900e-02 | j 1.0 | sqrt(BRE/2) 0.2927 | objective 0.3952 | 349 s
iter 185350 | lr 1e-04 | surrogate 0.2277 | KL 9404.0 | lambda 9.900e-02 | j 1.0 | sqrt(BRE/2) 0.2926 | objective 0.5203 | 350 s
iter 185900 | lr 1e-04 | surrogate 0.1031 | KL 9406.2 | lambda 9.900e-02 | j 1.0 | sqrt(BRE/2) 0.2927 | objective 0.3958 | 351 s
iter 186450 | lr 1e-04 | surrogate 0.1102 | KL 9400.5 | lambda 9.900e-02 | j 1.0 | sqrt(BRE/2) 0.2926 | objective 0.4028 | 352 s
iter 187000 | lr 1e-04 | surrogate 0.1230 | KL 9395.5 | lambda 9.900e-02 | j 1.0 | sqrt(BRE/2) 0.2925 | objective 0.4155 | 353 s
iter 187550 | lr 1e-04 | surrogate 0.3064 | KL 9388.3 | lambda 9.900e-02 | j 1.0 | sqrt(BRE/2) 0.2924 | objective 0.5988 | 354 s
iter 188100 | lr 1e-04 | surrogate 0.0292 | KL 9385.3 | lambda 9.900e-02 | j 1.0 | sqrt(BRE/2) 0.2923 | objective 0.3215 | 355 s
iter 188650 | lr 1e-04 | surrogate 0.1576 | KL 9380.9 | lambda 9.900e-02 | j 1.0 | sqrt(BRE/2) 0.2923 | objective 0.4499 | 356 s
iter 189200 | lr 1e-04 | surrogate 0.2146 | KL 9378.7 | lambda 9.900e-02 | j 1.0 | sqrt(BRE/2) 0.2922 | objective 0.5068 | 357 s
iter 189750 | lr 1e-04 | surrogate 0.1212 | KL 9365.9 | lambda 9.900e-02 | j 1.0 | sqrt(BRE/2) 0.2920 | objective 0.4132 | 358 s
iter 190300 | lr 1e-04 | surrogate 0.1228 | KL 9368.1 | lambda 9.900e-02 | j 1.0 | sqrt(BRE/2) 0.2921 | objective 0.4148 | 359 s
iter 190850 | lr 1e-04 | surrogate 0.8481 | KL 9365.9 | lambda 9.900e-02 | j 1.0 | sqrt(BRE/2) 0.2920 | objective 1.1402 | 361 s
iter 191400 | lr 1e-04 | surrogate 0.1316 | KL 9374.6 | lambda 9.900e-02 | j 1.0 | sqrt(BRE/2) 0.2922 | objective 0.4238 | 362 s
iter 191950 | lr 1e-04 | surrogate 0.0633 | KL 9379.5 | lambda 9.900e-02 | j 1.0 | sqrt(BRE/2) 0.2922 | objective 0.3556 | 363 s
iter 192500 | lr 1e-04 | surrogate 0.1376 | KL 9378.7 | lambda 9.900e-02 | j 1.0 | sqrt(BRE/2) 0.2922 | objective 0.4299 | 364 s
iter 193050 | lr 1e-04 | surrogate 0.1589 | KL 9385.3 | lambda 9.900e-02 | j 1.0 | sqrt(BRE/2) 0.2923 | objective 0.4512 | 365 s
iter 193600 | lr 1e-04 | surrogate 0.0910 | KL 9377.2 | lambda 9.900e-02 | j 1.0 | sqrt(BRE/2) 0.2922 | objective 0.3832 | 366 s
iter 194150 | lr 1e-04 | surrogate 0.1045 | KL 9375.2 | lambda 9.900e-02 | j 1.0 | sqrt(BRE/2) 0.2922 | objective 0.3966 | 367 s
iter 194700 | lr 1e-04 | surrogate 0.1624 | KL 9356.9 | lambda 9.900e-02 | j 1.0 | sqrt(BRE/2) 0.2919 | objective 0.4543 | 368 s
iter 195250 | lr 1e-04 | surrogate 0.5623 | KL 9353.5 | lambda 9.900e-02 | j 1.0 | sqrt(BRE/2) 0.2918 | objective 0.8542 | 369 s
iter 195800 | lr 1e-04 | surrogate 0.0710 | KL 9356.5 | lambda 9.900e-02 | j 1.0 | sqrt(BRE/2) 0.2919 | objective 0.3629 | 370 s
iter 196350 | lr 1e-04 | surrogate 0.1018 | KL 9360.0 | lambda 9.900e-02 | j 1.0 | sqrt(BRE/2) 0.2919 | objective 0.3938 | 371 s
iter 196900 | lr 1e-04 | surrogate 0.3205 | KL 9360.8 | lambda 9.900e-02 | j 1.0 | sqrt(BRE/2) 0.2920 | objective 0.6125 | 372 s
iter 197450 | lr 1e-04 | surrogate 0.0750 | KL 9355.9 | lambda 9.900e-02 | j 1.0 | sqrt(BRE/2) 0.2919 | objective 0.3668 | 373 s
iter 198000 | lr 1e-04 | surrogate 0.3771 | KL 9346.1 | lambda 9.900e-02 | j 1.0 | sqrt(BRE/2) 0.2917 | objective 0.6688 | 374 s
iter 198550 | lr 1e-04 | surrogate 0.2527 | KL 9334.6 | lambda 9.900e-02 | j 1.0 | sqrt(BRE/2) 0.2915 | objective 0.5443 | 375 s
iter 199100 | lr 1e-04 | surrogate 0.2376 | KL 9329.4 | lambda 9.900e-02 | j 1.0 | sqrt(BRE/2) 0.2915 | objective 0.5291 | 376 s
iter 199650 | lr 1e-04 | surrogate 0.2274 | KL 9333.1 | lambda 9.900e-02 | j 1.0 | sqrt(BRE/2) 0.2915 | objective 0.5190 | 377 s
iter 199999 | lr 1e-04 | surrogate 0.0354 | KL 9334.2 | lambda 9.900e-02 | j 1.0 | sqrt(BRE/2) 0.2915 | objective 0.3270 | 378 s
Saved results/posterior_T-600-600.pt
Evaluation | T-600-600 | cuda | {'posterior': 'results/posterior_T-600-600.pt', 'n_samples': 150000, 'samples_per_batch': 100, 'chunk_size': 5500, 'seed': 11, 'data_dir': 'mnist', 'out_dir': 'results'}
optimized lambda 9.9005e-02, j = 1.000, candidates [{'j': 1, 'lambda': 0.09900498337491681, 'KL': np.float64(9333.967236628174), 'BRE': np.float64(0.16998616165473868)}, {'j': 2, 'lambda': 0.09801986733067553, 'KL': np.float64(9385.095841811853), 'BRE': np.float64(0.1709409953707117)}]
3400 / 150000 samples | mean SNN train error 0.03228 | 55.5 samples/s | ETA 44.0 min
6800 / 150000 samples | mean SNN train error 0.03197 | 55.5 samples/s | ETA 43.0 min
10200 / 150000 samples | mean SNN train error 0.03185 | 55.5 samples/s | ETA 41.9 min
13600 / 150000 samples | mean SNN train error 0.03183 | 55.5 samples/s | ETA 40.9 min
17000 / 150000 samples | mean SNN train error 0.03174 | 55.6 samples/s | ETA 39.9 min
20400 / 150000 samples | mean SNN train error 0.03172 | 55.6 samples/s | ETA 38.9 min
23800 / 150000 samples | mean SNN train error 0.03168 | 55.6 samples/s | ETA 37.9 min
27200 / 150000 samples | mean SNN train error 0.03166 | 55.6 samples/s | ETA 36.8 min
30600 / 150000 samples | mean SNN train error 0.03162 | 55.6 samples/s | ETA 35.8 min
34000 / 150000 samples | mean SNN train error 0.03169 | 55.6 samples/s | ETA 34.8 min
37400 / 150000 samples | mean SNN train error 0.03172 | 55.6 samples/s | ETA 33.8 min
40800 / 150000 samples | mean SNN train error 0.03170 | 55.6 samples/s | ETA 32.8 min
44200 / 150000 samples | mean SNN train error 0.03169 | 55.6 samples/s | ETA 31.7 min
47600 / 150000 samples | mean SNN train error 0.03167 | 55.6 samples/s | ETA 30.7 min
51000 / 150000 samples | mean SNN train error 0.03167 | 55.6 samples/s | ETA 29.7 min
54400 / 150000 samples | mean SNN train error 0.03168 | 55.6 samples/s | ETA 28.7 min
57800 / 150000 samples | mean SNN train error 0.03170 | 55.6 samples/s | ETA 27.7 min
61200 / 150000 samples | mean SNN train error 0.03171 | 55.6 samples/s | ETA 26.6 min
64600 / 150000 samples | mean SNN train error 0.03170 | 55.6 samples/s | ETA 25.6 min
68000 / 150000 samples | mean SNN train error 0.03172 | 55.6 samples/s | ETA 24.6 min
71400 / 150000 samples | mean SNN train error 0.03175 | 55.6 samples/s | ETA 23.6 min
74800 / 150000 samples | mean SNN train error 0.03176 | 55.6 samples/s | ETA 22.6 min
78200 / 150000 samples | mean SNN train error 0.03177 | 55.6 samples/s | ETA 21.5 min
81600 / 150000 samples | mean SNN train error 0.03177 | 55.6 samples/s | ETA 20.5 min
85000 / 150000 samples | mean SNN train error 0.03176 | 55.6 samples/s | ETA 19.5 min
88400 / 150000 samples | mean SNN train error 0.03178 | 55.6 samples/s | ETA 18.5 min
91800 / 150000 samples | mean SNN train error 0.03177 | 55.6 samples/s | ETA 17.5 min
95200 / 150000 samples | mean SNN train error 0.03177 | 55.6 samples/s | ETA 16.4 min
98600 / 150000 samples | mean SNN train error 0.03176 | 55.6 samples/s | ETA 15.4 min
102000 / 150000 samples | mean SNN train error 0.03176 | 55.6 samples/s | ETA 14.4 min
105400 / 150000 samples | mean SNN train error 0.03175 | 55.6 samples/s | ETA 13.4 min
108800 / 150000 samples | mean SNN train error 0.03175 | 55.6 samples/s | ETA 12.4 min
112200 / 150000 samples | mean SNN train error 0.03175 | 55.6 samples/s | ETA 11.3 min
115600 / 150000 samples | mean SNN train error 0.03175 | 55.6 samples/s | ETA 10.3 min
119000 / 150000 samples | mean SNN train error 0.03175 | 55.6 samples/s | ETA 9.3 min
122400 / 150000 samples | mean SNN train error 0.03175 | 55.6 samples/s | ETA 8.3 min
125800 / 150000 samples | mean SNN train error 0.03174 | 55.6 samples/s | ETA 7.3 min
129200 / 150000 samples | mean SNN train error 0.03175 | 55.6 samples/s | ETA 6.2 min
132600 / 150000 samples | mean SNN train error 0.03175 | 55.6 samples/s | ETA 5.2 min
136000 / 150000 samples | mean SNN train error 0.03176 | 55.6 samples/s | ETA 4.2 min
139400 / 150000 samples | mean SNN train error 0.03176 | 55.6 samples/s | ETA 3.2 min
142800 / 150000 samples | mean SNN train error 0.03176 | 55.6 samples/s | ETA 2.2 min
146200 / 150000 samples | mean SNN train error 0.03176 | 55.6 samples/s | ETA 1.1 min
149600 / 150000 samples | mean SNN train error 0.03176 | 55.6 samples/s | ETA 0.1 min
150000 / 150000 samples | mean SNN train error 0.03176 | 55.6 samples/s | ETA 0.0 min

===== T-600-600 Results to compare with Table 1 =====
snn_train_error  0.03325556590819037
snn_test_error   0.039429740013446714
pac_bayes_bound  0.2427267880724189
kl_divergence    9333.967236628174
sqrt_half_bre    0.29153572821760515
j                1
lambda           0.09900498337491681
n_samples        150000
confidence       0.965
